------------------------------------------------------------
TimeQuest Timing Analyzer Summary
------------------------------------------------------------

Type  : Slow Model Setup 'clk'
Slack : -6.211
TNS   : -11.518

Type  : Slow Model Setup 'symbol_syncroniser:sync|syncgen:symbgen|syncclk'
Slack : -0.847
TNS   : -8.436

Type  : Slow Model Hold 'clk'
Slack : -2.229
TNS   : -2.229

Type  : Slow Model Hold 'symbol_syncroniser:sync|syncgen:symbgen|syncclk'
Slack : 0.391
TNS   : 0.000

Type  : Slow Model Recovery 'symbol_syncroniser:sync|correlator:syncwrd|decision'
Slack : -3.425
TNS   : -3.425

Type  : Slow Model Recovery 'symbol_syncroniser:sync|correlator:prmbl|decision'
Slack : -3.103
TNS   : -3.103

Type  : Slow Model Recovery 'clk'
Slack : 1.664
TNS   : 0.000

Type  : Slow Model Removal 'clk'
Slack : -1.394
TNS   : -2.788

Type  : Slow Model Removal 'symbol_syncroniser:sync|correlator:prmbl|decision'
Slack : 3.873
TNS   : 0.000

Type  : Slow Model Removal 'symbol_syncroniser:sync|correlator:syncwrd|decision'
Slack : 4.195
TNS   : 0.000

Type  : Slow Model Minimum Pulse Width 'clk'
Slack : -1.380
TNS   : -36.380

Type  : Slow Model Minimum Pulse Width 'symbol_syncroniser:sync|syncgen:symbgen|syncclk'
Slack : -0.500
TNS   : -29.000

Type  : Slow Model Minimum Pulse Width 'symbol_syncroniser:sync|correlator:prmbl|decision'
Slack : -0.500
TNS   : -1.000

Type  : Slow Model Minimum Pulse Width 'symbol_syncroniser:sync|correlator:syncwrd|decision'
Slack : -0.500
TNS   : -1.000

Type  : Fast Model Setup 'clk'
Slack : -1.985
TNS   : -1.985

Type  : Fast Model Setup 'symbol_syncroniser:sync|syncgen:symbgen|syncclk'
Slack : 0.065
TNS   : 0.000

Type  : Fast Model Hold 'clk'
Slack : -1.367
TNS   : -1.367

Type  : Fast Model Hold 'symbol_syncroniser:sync|syncgen:symbgen|syncclk'
Slack : 0.215
TNS   : 0.000

Type  : Fast Model Recovery 'symbol_syncroniser:sync|correlator:syncwrd|decision'
Slack : -1.374
TNS   : -1.374

Type  : Fast Model Recovery 'symbol_syncroniser:sync|correlator:prmbl|decision'
Slack : -1.235
TNS   : -1.235

Type  : Fast Model Recovery 'clk'
Slack : 1.289
TNS   : 0.000

Type  : Fast Model Removal 'clk'
Slack : -0.909
TNS   : -1.818

Type  : Fast Model Removal 'symbol_syncroniser:sync|correlator:prmbl|decision'
Slack : 2.115
TNS   : 0.000

Type  : Fast Model Removal 'symbol_syncroniser:sync|correlator:syncwrd|decision'
Slack : 2.254
TNS   : 0.000

Type  : Fast Model Minimum Pulse Width 'clk'
Slack : -1.380
TNS   : -36.380

Type  : Fast Model Minimum Pulse Width 'symbol_syncroniser:sync|syncgen:symbgen|syncclk'
Slack : -0.500
TNS   : -29.000

Type  : Fast Model Minimum Pulse Width 'symbol_syncroniser:sync|correlator:prmbl|decision'
Slack : -0.500
TNS   : -1.000

Type  : Fast Model Minimum Pulse Width 'symbol_syncroniser:sync|correlator:syncwrd|decision'
Slack : -0.500
TNS   : -1.000

------------------------------------------------------------
